Testing the UTCTX Event API...
Initializing sysevent...
Triggering cron_restart...
Triggering dhcp_client_restart...
Triggering dhcp_server-restart...
Triggering dns-restart...
Triggering firewall-restart...
Triggering httpd-restart...
Triggering mac_filter_changed...
Triggering ntpclient-restart...
Triggering wan-restart...
Triggering ddns-start...
Triggering staticroute-restart...
Triggering samba_server_restart...
Triggering igd_restart...
Triggering ripd-restart...
Triggering syslog-restart...
Closing sysevent...
Initializing sysevent...
Triggering lan-restarting...
Triggering cron_restart...
Triggering dhcp_client_restart...
Triggering dns-restart...
Triggering firewall-restart...
Triggering httpd-restart...
Triggering lan-restart...
Triggering mac_filter_changed...
Triggering ntpclient-restart...
Triggering wan-restart...
Triggering lan-restart...
Triggering ddns-start...
Triggering staticroute-restart...
Triggering samba_server_restart...
Triggering igd_restart...
Triggering ripd-restart...
Triggering syslog-restart...
Closing sysevent...
Initializing sysevent...
Triggering lan-restarting...
Triggering trigger_restart...
Closing sysevent...
malloc_interposer.c - ************************************************************
malloc_interposer.c - exit: malloc called 150 times
malloc_interposer.c - exit: free called 150 times
malloc_interposer.c - exit: malloc current = 0
malloc_interposer.c - exit: malloc total = 11976
malloc_interposer.c - exit: malloc max = 3640
malloc_interposer.c - ************************************************************
