Testing UTCTX Set API...
Initializing sysevent...
Triggering lan-restarting...
Triggering cron_restart...
Triggering dhcp_client_restart...
Triggering dns-restart...
Triggering firewall-restart...
Triggering httpd-restart...
Triggering lan-restart...
Triggering mac_filter_changed...
Triggering ntpclient-restart...
Triggering wan-restart...
Triggering lan-restart...
Closing sysevent...
Key=, Value=GatewayWithWiFi
Key=cfg_test_one, Value=UtopiaValue_Config_TestOne
Key=cfg_test_two, Value=SetValue-4
Initializing sysevent...
Key=evt_test_one, Value=UtopiaValue_Event_TestOne
Key=evt_test_two, Value=SetValue-16
Key=idx_test_one_1, Value=SetValue-5
Key=SetValue-5::idx_test_two, Value=SetValue-6
Key=idx2_test_one_1_1, Value=SetValue-7
Key=SetValue-5::idx2_test_two_1, Value=SetValue-8
Key=SetValue-7::idx2_test_three, Value=SetValue-9
Key=nmd_test_one_pfx, Value=SetValue-10
Key=SetValue-10::nmd_test_two, Value=SetValue-11
Key=nmd2_test_one_pfx_pfx, Value=SetValue-12
Key=SetValue-10::nmd2_test_two_pfx, Value=SetValue-13
Key=SetValue-12::nmd2_test_three, Value=SetValue-14
Closing sysevent...
malloc_interposer.c - ************************************************************
malloc_interposer.c - exit: malloc called 196 times
malloc_interposer.c - exit: free called 196 times
malloc_interposer.c - exit: malloc current = 0
malloc_interposer.c - exit: malloc total = 11744
malloc_interposer.c - exit: malloc max = 5296
malloc_interposer.c - ************************************************************
