Testing UTCTX Unset API...
Initializing sysevent...
Triggering lan-restarting...
Triggering cron_restart...
Triggering dhcp_client_restart...
Triggering dns-restart...
Triggering lan-restart...
Triggering ntpclient-restart...
Closing sysevent...
Key=, Value=GatewayWithWiFi
Key=cfg_test_one, Value=UtopiaValue_Config_TestOne
Initializing sysevent...
Key=evt_test_one, Value=UtopiaValue_Event_TestOne
Closing sysevent...
malloc_interposer.c - ************************************************************
malloc_interposer.c - exit: malloc called 94 times
malloc_interposer.c - exit: free called 94 times
malloc_interposer.c - exit: malloc current = 0
malloc_interposer.c - exit: malloc total = 7356
malloc_interposer.c - exit: malloc max = 3800
malloc_interposer.c - ************************************************************
